c:\users\haosh\documents\github\motor2025\engine\scripting\x64\debug\scripting.pch
c:\users\haosh\documents\github\motor2025\engine\scripting\x64\debug\vc143.pdb
c:\users\haosh\documents\github\motor2025\engine\scripting\x64\debug\vc143.idb
c:\users\haosh\documents\github\motor2025\engine\scripting\x64\debug\pch.obj
c:\users\haosh\documents\github\motor2025\engine\scripting\x64\debug\tankscript.obj
c:\users\haosh\documents\github\motor2025\engine\scripting\x64\debug\playermovement.obj
c:\users\haosh\documents\github\motor2025\engine\scripting\x64\debug\enemyia.obj
c:\users\haosh\documents\github\motor2025\engine\scripting\x64\debug\ball.obj
c:\users\haosh\documents\github\motor2025\engine\scripting\x64\debug\dllmain.obj
c:\users\haosh\documents\github\motor2025\engine\build\x64\debug\scripting.dll
c:\users\haosh\documents\github\motor2025\engine\build\x64\debug\scripting.pdb
c:\users\haosh\documents\github\motor2025\engine\build\x64\debug\scripting.lib
c:\users\haosh\documents\github\motor2025\engine\build\x64\debug\scripting.exp
c:\users\haosh\documents\github\motor2025\engine\scripting\x64\debug\scripting.ilk
c:\users\haosh\documents\github\motor2025\engine\scripting\..\build\x64\debug\scripting.pdb
c:\users\haosh\documents\github\motor2025\engine\scripting\x64\debug\scripting.vcxproj.filelistabsolute.txt
c:\users\haosh\documents\github\motor2025\engine\scripting\x64\debug\scripting.tlog\cl.command.1.tlog
c:\users\haosh\documents\github\motor2025\engine\scripting\x64\debug\scripting.tlog\cl.items.tlog
c:\users\haosh\documents\github\motor2025\engine\scripting\x64\debug\scripting.tlog\cl.read.1.tlog
c:\users\haosh\documents\github\motor2025\engine\scripting\x64\debug\scripting.tlog\cl.write.1.tlog
c:\users\haosh\documents\github\motor2025\engine\scripting\x64\debug\scripting.tlog\link.command.1.tlog
c:\users\haosh\documents\github\motor2025\engine\scripting\x64\debug\scripting.tlog\link.read.1.tlog
c:\users\haosh\documents\github\motor2025\engine\scripting\x64\debug\scripting.tlog\link.secondary.1.tlog
c:\users\haosh\documents\github\motor2025\engine\scripting\x64\debug\scripting.tlog\link.write.1.tlog
